  0   0   0 tests/inputs/empty.txt
  1   9  48 tests/inputs/fox.txt
  4  28 173 tests/inputs/atlamal.txt
  5  37 221 total
