  0 tests/inputs/empty.txt
  9 tests/inputs/fox.txt
 28 tests/inputs/atlamal.txt
 37 total
