  0   0 tests/inputs/empty.txt
  9  48 tests/inputs/fox.txt
 28 173 tests/inputs/atlamal.txt
 37 221 total
